// Jest Snapshot v1, https://goo.gl/fbAQLP

exports[`<Cell /> renders correctly with default props 1`] = `
.c0 {
  background-color: #FF6347;
  color: #fff;
  border: none;
  -webkit-text-decoration: none;
  text-decoration: none;
  height: 0;
  padding: 50% 0;
  display: -webkit-box;
  display: -webkit-flex;
  display: -ms-flexbox;
  display: flex;
  -webkit-align-items: center;
  -webkit-box-align: center;
  -ms-flex-align: center;
  align-items: center;
  -webkit-box-pack: center;
  -webkit-justify-content: center;
  -ms-flex-pack: center;
  justify-content: center;
  border: none;
}

.c0:hover {
  opacity: 0.8;
}

<div>
  <button
    class="c0"
  >
    A8
  </button>
</div>
`
