// Jest Snapshot v1, https://goo.gl/fbAQLP

exports[`<ChessBoard /> renders correctly 1`] = `
.c1 {
  background-color: #ffa500;
  height: 0;
  padding-top: 100%;
  border: none;
}

.c1:hover {
  opacity: 0.8;
}

.c2 {
  background-color: #FF6347;
  height: 0;
  padding-top: 100%;
  border: none;
}

.c2:hover {
  opacity: 0.8;
}

.c0 {
  display: grid;
  grid-template-columns: repeat(8,1fr);
  grid-template-rows: repeat(8,1fr);
  width: 100%;
  max-width: 70rem;
  border: 1rem solid #fff;
}

<div>
  
  <div
    class="c0"
  >
    <button
      class="c1"
    />
    <button
      class="c2"
    />
    <button
      class="c1"
    />
    <button
      class="c2"
    />
    <button
      class="c1"
    />
    <button
      class="c2"
    />
    <button
      class="c1"
    />
    <button
      class="c2"
    />
    <button
      class="c2"
    />
    <button
      class="c1"
    />
    <button
      class="c2"
    />
    <button
      class="c1"
    />
    <button
      class="c2"
    />
    <button
      class="c1"
    />
    <button
      class="c2"
    />
    <button
      class="c1"
    />
    <button
      class="c1"
    />
    <button
      class="c2"
    />
    <button
      class="c1"
    />
    <button
      class="c2"
    />
    <button
      class="c1"
    />
    <button
      class="c2"
    />
    <button
      class="c1"
    />
    <button
      class="c2"
    />
    <button
      class="c2"
    />
    <button
      class="c1"
    />
    <button
      class="c2"
    />
    <button
      class="c1"
    />
    <button
      class="c2"
    />
    <button
      class="c1"
    />
    <button
      class="c2"
    />
    <button
      class="c1"
    />
    <button
      class="c1"
    />
    <button
      class="c2"
    />
    <button
      class="c1"
    />
    <button
      class="c2"
    />
    <button
      class="c1"
    />
    <button
      class="c2"
    />
    <button
      class="c1"
    />
    <button
      class="c2"
    />
    <button
      class="c2"
    />
    <button
      class="c1"
    />
    <button
      class="c2"
    />
    <button
      class="c1"
    />
    <button
      class="c2"
    />
    <button
      class="c1"
    />
    <button
      class="c2"
    />
    <button
      class="c1"
    />
    <button
      class="c1"
    />
    <button
      class="c2"
    />
    <button
      class="c1"
    />
    <button
      class="c2"
    />
    <button
      class="c1"
    />
    <button
      class="c2"
    />
    <button
      class="c1"
    />
    <button
      class="c2"
    />
    <button
      class="c2"
    />
    <button
      class="c1"
    />
    <button
      class="c2"
    />
    <button
      class="c1"
    />
    <button
      class="c2"
    />
    <button
      class="c1"
    />
    <button
      class="c2"
    />
    <button
      class="c1"
    />
  </div>
</div>
`
