// Jest Snapshot v1, https://goo.gl/fbAQLP

exports[`<ChessBoard /> renders correctly 1`] = `
.c1 {
  background-color: #ffa500;
  color: #fff;
  border: none;
  -webkit-text-decoration: none;
  text-decoration: none;
  height: 0;
  padding: 50% 0;
  display: -webkit-box;
  display: -webkit-flex;
  display: -ms-flexbox;
  display: flex;
  -webkit-align-items: center;
  -webkit-box-align: center;
  -ms-flex-align: center;
  align-items: center;
  -webkit-box-pack: center;
  -webkit-justify-content: center;
  -ms-flex-pack: center;
  justify-content: center;
  border: none;
}

.c1:hover {
  opacity: 0.8;
}

.c2 {
  background-color: #FF6347;
  color: #fff;
  border: none;
  -webkit-text-decoration: none;
  text-decoration: none;
  height: 0;
  padding: 50% 0;
  display: -webkit-box;
  display: -webkit-flex;
  display: -ms-flexbox;
  display: flex;
  -webkit-align-items: center;
  -webkit-box-align: center;
  -ms-flex-align: center;
  align-items: center;
  -webkit-box-pack: center;
  -webkit-justify-content: center;
  -ms-flex-pack: center;
  justify-content: center;
  border: none;
}

.c2:hover {
  opacity: 0.8;
}

.c0 {
  display: grid;
  grid-template-columns: repeat(8,1fr);
  grid-template-rows: repeat(8,1fr);
  width: 100%;
  max-width: 70rem;
  border: 1rem solid #fff;
}

<div>
  
  <div
    class="c0"
  >
    <button
      class="c1"
    >
      A8
    </button>
    <button
      class="c2"
    >
      B8
    </button>
    <button
      class="c1"
    >
      C8
    </button>
    <button
      class="c2"
    >
      D8
    </button>
    <button
      class="c1"
    >
      E8
    </button>
    <button
      class="c2"
    >
      F8
    </button>
    <button
      class="c1"
    >
      G8
    </button>
    <button
      class="c2"
    >
      H8
    </button>
    <button
      class="c2"
    >
      A7
    </button>
    <button
      class="c1"
    >
      B7
    </button>
    <button
      class="c2"
    >
      C7
    </button>
    <button
      class="c1"
    >
      D7
    </button>
    <button
      class="c2"
    >
      E7
    </button>
    <button
      class="c1"
    >
      F7
    </button>
    <button
      class="c2"
    >
      G7
    </button>
    <button
      class="c1"
    >
      H7
    </button>
    <button
      class="c1"
    >
      A6
    </button>
    <button
      class="c2"
    >
      B6
    </button>
    <button
      class="c1"
    >
      C6
    </button>
    <button
      class="c2"
    >
      D6
    </button>
    <button
      class="c1"
    >
      E6
    </button>
    <button
      class="c2"
    >
      F6
    </button>
    <button
      class="c1"
    >
      G6
    </button>
    <button
      class="c2"
    >
      H6
    </button>
    <button
      class="c2"
    >
      A5
    </button>
    <button
      class="c1"
    >
      B5
    </button>
    <button
      class="c2"
    >
      C5
    </button>
    <button
      class="c1"
    >
      D5
    </button>
    <button
      class="c2"
    >
      E5
    </button>
    <button
      class="c1"
    >
      F5
    </button>
    <button
      class="c2"
    >
      G5
    </button>
    <button
      class="c1"
    >
      H5
    </button>
    <button
      class="c1"
    >
      A4
    </button>
    <button
      class="c2"
    >
      B4
    </button>
    <button
      class="c1"
    >
      C4
    </button>
    <button
      class="c2"
    >
      D4
    </button>
    <button
      class="c1"
    >
      E4
    </button>
    <button
      class="c2"
    >
      F4
    </button>
    <button
      class="c1"
    >
      G4
    </button>
    <button
      class="c2"
    >
      H4
    </button>
    <button
      class="c2"
    >
      A3
    </button>
    <button
      class="c1"
    >
      B3
    </button>
    <button
      class="c2"
    >
      C3
    </button>
    <button
      class="c1"
    >
      D3
    </button>
    <button
      class="c2"
    >
      E3
    </button>
    <button
      class="c1"
    >
      F3
    </button>
    <button
      class="c2"
    >
      G3
    </button>
    <button
      class="c1"
    >
      H3
    </button>
    <button
      class="c1"
    >
      A2
    </button>
    <button
      class="c2"
    >
      B2
    </button>
    <button
      class="c1"
    >
      C2
    </button>
    <button
      class="c2"
    >
      D2
    </button>
    <button
      class="c1"
    >
      E2
    </button>
    <button
      class="c2"
    >
      F2
    </button>
    <button
      class="c1"
    >
      G2
    </button>
    <button
      class="c2"
    >
      H2
    </button>
    <button
      class="c2"
    >
      A1
    </button>
    <button
      class="c1"
    >
      B1
    </button>
    <button
      class="c2"
    >
      C1
    </button>
    <button
      class="c1"
    >
      D1
    </button>
    <button
      class="c2"
    >
      E1
    </button>
    <button
      class="c1"
    >
      F1
    </button>
    <button
      class="c2"
    >
      G1
    </button>
    <button
      class="c1"
    >
      H1
    </button>
  </div>
</div>
`
